// Jest Snapshot v1, https://goo.gl/fbAQLP

exports[`PromoBanner renders 1`] = `
<Provider history={{...}} app={{...}}>
  <WithStyles(PromoBanner)>
    <PromoBanner classes={{...}} name="promo" alt="promo" imgProps={{...}}>
      <inject-Track-with-app event="promoBannerClicked" name="promo" imageUrl={[undefined]}>
        <Track event="promoBannerClicked" name="promo" imageUrl={[undefined]} app={{...}} trigger="onClick" onSuccess={[Function]} ampData={{...}}>
          <WithStyles(inject-Link) to={[undefined]} className="RSFPromoBanner-root-1" onClick={[Function]}>
            <inject-Link to={[undefined]} className="RSFPromoBanner-root-1" onClick={[Function]} classes={{...}}>
              <Link to={[undefined]} className="RSFPromoBanner-root-1" onClick={[Function]} classes={{...}} history={{...}} router={[undefined]} location={{...}} anchorProps={{...}}>
                <a data-moov-link="on" className="RSFLink-root-3 RSFPromoBanner-root-1" style={[undefined]} onClick={[Function]} href={[undefined]}>
                  <WithStyles(inject-Image) className="RSFPromoBanner-img-2" src={[undefined]} alt="promo" contain={true}>
                    <inject-Image className="RSFPromoBanner-img-2" src={[undefined]} alt="promo" contain={true} classes={{...}}>
                      <Image className="RSFPromoBanner-img-2" src={[undefined]} alt="promo" contain={true} classes={{...}} amp={false} quality={{...}} fill={false} lazy={false} lazyOffset={100}>
                        <div className="RSFPromoBanner-img-2 RSFImage-root-4 RSFImage-contain-6">
                          <img src={[undefined]} className="" layout={{...}} height={[undefined]} width={[undefined]} alt="promo" onError={[Function]} />
                        </div>
                      </Image>
                    </inject-Image>
                  </WithStyles(inject-Image)>
                </a>
              </Link>
            </inject-Link>
          </WithStyles(inject-Link)>
        </Track>
      </inject-Track-with-app>
    </PromoBanner>
  </WithStyles(PromoBanner)>
</Provider>
`;
